// Jest Snapshot v1, https://goo.gl/fbAQLP

exports[`Command as admin sr info returns the queue instructional text 1`] = `
"To submit a song, type \`?sr <link>\`.
For example: \`?sr https://youtu.be/dQw4w9WgXcQ\`
I will respond with a text verification indicating your song has joined the queue!"
`;
