// Jest Snapshot v1, https://goo.gl/fbAQLP

exports[`Command help returns the help text 1`] = `
"Commands:
\`?config\` - Read and modify config options. *(Server owner only. No touch!)*
\`?ping\` - Ping my host server to check latency.
\`?sr <YouTube or SoundCloud link>\` - Submit a song to the queue.
    \`?sr info\` - Prints a handy message to let people know how to queue-up.
    \`?sr setup <channel name>\` - Set a channel as the 'queue' channel. *(Server owner only. No touch!)*
    \`?sr open\` - Start accepting song requests to the queue.
    \`?sr close\` - Stop accepting song requests to the queue.
    \`?sr limit <entry-duration|cooldown|count>\` - Sets a limit value on the queue. (Time in seconds, where applicable)
    \`?sr stats\` - Reports statistics on the current queue.
    \`?sr restart\` - Empties the queue and starts a fresh queue session.
\`?t\` - Start typing :wink:
\`?video <YouTube or SoundCloud link>\` - Puts the video title and duration in chat."
`;
